// Jest Snapshot v1, https://goo.gl/fbAQLP

exports[`Aggregations renders correctly 1`] = `
Array [
  <div
    className="gf-form-inline"
  >
    <label
      className="gf-form-label query-keyword width-9"
    >
      Aggregation
    </label>
    <div
      className="gf-form"
      onClick={[Function]}
    >
      <a
        className="gf-form-label query-part query-placeholder"
      >
        Select Reducer
      </a>
    </div>
    <div
      className="gf-form gf-form--grow"
    >
      <label
        className="gf-form-label gf-form-label--grow"
      >
        <a
          onClick={[Function]}
        >
          <div
            className="css-1cvxpvr"
          >
            <svg
              className="css-sr6nr"
              fill="currentColor"
              height={16}
              viewBox="0 0 24 24"
              width={16}
              xmlns="http://www.w3.org/2000/svg"
            >
              <path
                d="M14.83,11.29,10.59,7.05a1,1,0,0,0-1.42,0,1,1,0,0,0,0,1.41L12.71,12,9.17,15.54a1,1,0,0,0,0,1.41,1,1,0,0,0,.71.29,1,1,0,0,0,.71-.29l4.24-4.24A1,1,0,0,0,14.83,11.29Z"
              />
            </svg>
          </div>
           Advanced Options
        </a>
      </label>
    </div>
  </div>,
  <div />,
]
`;
