// Jest Snapshot v1, https://goo.gl/fbAQLP

exports[`Stats should render component 1`] = `
Array [
  <div
    className="gf-form"
    onClick={[Function]}
  >
    <a
      className="gf-form-label query-part"
    >
      Average
    </a>
  </div>,
  <div
    className="gf-form"
    onClick={[Function]}
  >
    <a
      className="gf-form-label query-part"
    >
      Minimum
    </a>
  </div>,
  <div
    className="gf-form"
    onClick={[Function]}
  >
    <a
      className="gf-form-label query-part"
    >
      <div
        className="css-1cvxpvr"
      >
        <svg
          className="css-sr6nr"
          fill="currentColor"
          height={16}
          viewBox="0 0 24 24"
          width={16}
          xmlns="http://www.w3.org/2000/svg"
        >
          <path
            d="M19,11H13V5a1,1,0,0,0-2,0v6H5a1,1,0,0,0,0,2h6v6a1,1,0,0,0,2,0V13h6a1,1,0,0,0,0-2Z"
          />
        </svg>
      </div>
    </a>
  </div>,
]
`;
